// Jest Snapshot v1, https://goo.gl/fbAQLP

exports[`should match the snapshot 1`] = `
<div
  className="controller-wrapper"
>
  <ul>
    <li>
      DOLL 
      <button
        className="plus"
        onClick={[Function]}
      >
        +
      </button>
      <button
        className="minus"
        onClick={[Function]}
      >
        -
      </button>
    </li>
    <li>
      QUAR 
      <button
        className="plus"
        onClick={[Function]}
      >
        +
      </button>
      <button
        className="minus"
        onClick={[Function]}
      >
        -
      </button>
    </li>
    <li>
      DIME 
      <button
        className="plus"
        onClick={[Function]}
      >
        +
      </button>
      <button
        className="minus"
        onClick={[Function]}
      >
        -
      </button>
    </li>
    <li>
      NICK 
      <button
        className="plus"
        onClick={[Function]}
      >
        +
      </button>
      <button
        className="minus"
        onClick={[Function]}
      >
        -
      </button>
    </li>
    <li>
      PENN 
      <button
        className="plus"
        onClick={[Function]}
      >
        +
      </button>
      <button
        className="minus"
        onClick={[Function]}
      >
        -
      </button>
    </li>
  </ul>
</div>
`;
